<html>
<body>
<pre>
<h1>µVision Build Log</h1>
<h2>Tool Versions:</h2>
IDE-Version: ÂµVision V5.37.0.0
Copyright (C) 2022 ARM Ltd and ARM Germany GmbH. All rights reserved.
License Information: 1 tth, 2, LIC=7YKYW-QXXFM-RFUIZ-JRQVR-HME32-GZ9LW
 
Tool Versions:
Toolchain:       MDK-ARM Professional  Version: 5.37.0.0
Toolchain Path:  D:\Keil5\Core\ARM\ARMCC\Bin
C Compiler:      Armcc.exe V5.06 update 7 (build 960)
Assembler:       Armasm.exe V5.06 update 7 (build 960)
Linker/Locator:  ArmLink.exe V5.06 update 7 (build 960)
Library Manager: ArmAr.exe V5.06 update 7 (build 960)
Hex Converter:   FromElf.exe V5.06 update 7 (build 960)
CPU DLL:         SARMCM3.DLL V5.37.0.0
Dialog DLL:      DARMCM1.DLL V1.19.6.0
Target DLL:      STLink\ST-LINKIII-KEIL_SWO.dll V3.0.9.0
Dialog DLL:      TARMCM1.DLL V1.14.6.0
 
<h2>Project:</h2>
E:\NEW1\HAL_ADS_SPI_SIMPLE_FIX\MDK-ARM\HAL_ADS_SPI.uvprojx
Project File Date:  03/26/2026

<h2>Output:</h2>
*** Using Compiler 'V5.06 update 7 (build 960)', folder: 'D:\Keil5\Core\ARM\ARMCC\Bin'
Rebuild target 'HAL_ADS_SPI'
assembling startup_stm32g030xx.s...
compiling stm32g0xx_ll_adc.c...
compiling stm32g0xx_ll_rcc.c...
compiling gpio.c...
compiling adc.c...
compiling main.c...
compiling bsp_ads1292.c...
compiling stm32g0xx_hal_msp.c...
compiling dma.c...
compiling bsp_usart_dma.c...
compiling stm32g0xx_hal_adc_ex.c...
compiling spi.c...
compiling usart.c...
compiling stm32g0xx_hal_rcc_ex.c...
compiling stm32g0xx_ll_dma.c...
compiling stm32g0xx_it.c...
compiling stm32g0xx_hal_rcc.c...
compiling stm32g0xx_hal_adc.c...
compiling stm32g0xx_hal_flash.c...
compiling stm32g0xx_hal_flash_ex.c...
compiling stm32g0xx_hal_gpio.c...
compiling stm32g0xx_hal_dma_ex.c...
compiling stm32g0xx_hal_dma.c...
compiling stm32g0xx_hal_pwr.c...
compiling stm32g0xx_hal.c...
compiling stm32g0xx_hal_cortex.c...
compiling stm32g0xx_hal_spi_ex.c...
compiling stm32g0xx_hal_pwr_ex.c...
compiling stm32g0xx_hal_exti.c...
compiling stm32g0xx_hal_tim.c...
compiling stm32g0xx_hal_tim_ex.c...
compiling stm32g0xx_hal_spi.c...
compiling stm32g0xx_hal_uart_ex.c...
compiling stm32g0xx_hal_uart.c...
compiling system_stm32g0xx.c...
linking...
Program Size: Code=16112 RO-data=440 RW-data=32 ZI-data=2288  
FromELF: creating hex file...
"HAL_ADS_SPI\HAL_ADS_SPI.axf" - 0 Error(s), 0 Warning(s).

<h2>Software Packages used:</h2>

Package Vendor: ARM
                http://www.keil.com/pack/ARM.CMSIS.5.9.0.pack
                ARM.CMSIS.5.9.0
                CMSIS (Common Microcontroller Software Interface Standard)
   * Component: CORE Version: 5.6.0

Package Vendor: Keil
                https://www.keil.com/pack/Keil.STM32G0xx_DFP.2.1.0.pack
                Keil.STM32G0xx_DFP.2.1.0
                STMicroelectronics STM32G0 Series Device Support

<h2>Collection of Component include folders:</h2>
  ./RTE/_HAL_ADS_SPI
  D:/Keil5/Pack/ARM/CMSIS/5.9.0/CMSIS/Core/Include

<h2>Collection of Component Files used:</h2>

   * Component: ARM::CMSIS:CORE:5.6.0
      Include file:  CMSIS/Core/Include/tz_context.h
Build Time Elapsed:  00:00:02
</pre>
</body>
</html>
